// Jest Snapshot v1, https://goo.gl/fbAQLP

exports[`renders propertly 1`] = `ShallowWrapper {}`;
